
> retro-portfolio@0.1.0 build
> next build

  Γû▓ Next.js 14.2.33

   Creating an optimized production build ...
 Γ£ô Compiled successfully
   Linting and checking validity of types ...
node.exe : Failed to compile.
At line:1 char:1
+ & "C:\Program Files\nodejs/node.exe" "C:\Program 
Files\nodejs/node_mo ...
+ ~~~~~~~~~~~~~~~~~~~~~~~~~~~~~~~~~~~~~~~~~~~~~~~~~~~~~~
~~~~~~~~~~~~~~~
    + CategoryInfo          : NotSpecified: (Failed to  
   compile.:String) [], RemoteException
    + FullyQualifiedErrorId : NativeCommandError
 

./app/api/search/route.ts:143:11
Type error: Type '{ type: "project"; title: string; 
description: string; url: string | undefined; tags: 
string[]; }[]' is not assignable to type 
'SearchResult[]'.
  Type '{ type: "project"; title: string; description: 
string; url: string | undefined; tags: string[]; }' is 
not assignable to type 'SearchResult'.
    Types of property 'url' are incompatible.
      Type 'string | undefined' is not assignable to 
type 'string'.
        Type 'undefined' is not assignable to type 
'string'.

[0m [90m 141 |[39m     }))[33m;[39m[0m
[0m [90m 142 |[39m[0m
[0m[31m[1m>[22m[39m[90m 143 |[39m     
[36mconst[39m projectResults[33m:[39m 
[33mSearchResult[39m[] [33m=[39m 
projects[33m.[39mmap((project) [33m=>[39m ({[0m
[0m [90m     |[39m           [31m[1m^[22m[39m[0m
[0m [90m 144 |[39m         type[33m:[39m 
[32m'project'[39m[33m,[39m[0m
[0m [90m 145 |[39m         title[33m:[39m 
project[33m.[39mtitle[33m,[39m[0m
[0m [90m 146 |[39m         description[33m:[39m 
project[33m.[39mdescription[33m,[39m[0m
Next.js build worker exited with code: 1 and signal: 
null
